
> frontend@0.0.0 build
> tsc && vite build

src/pages/Dashboard.tsx(357,85): error TS2339: Property 'availableFunds' does not exist on type '{ totalSavings: number; memberCount: number; activeLoans: number; trustScore: number; }'.
src/pages/Dashboard.tsx(384,112): error TS2339: Property 'savingsGoal' does not exist on type '{ totalSavings: number; memberCount: number; activeLoans: number; trustScore: number; }'.
src/pages/Dashboard.tsx(393,114): error TS2339: Property 'savingsGoal' does not exist on type '{ totalSavings: number; memberCount: number; activeLoans: number; trustScore: number; }'.
src/pages/Dashboard.tsx(395,89): error TS2339: Property 'savingsGoal' does not exist on type '{ totalSavings: number; memberCount: number; activeLoans: number; trustScore: number; }'.
src/pages/Dashboard.tsx(400,103): error TS2339: Property 'savingsGoal' does not exist on type '{ totalSavings: number; memberCount: number; activeLoans: number; trustScore: number; }'.
src/pages/Dashboard.tsx(1112,40): error TS2339: Property 'savingsGoal' does not exist on type '{ totalSavings: number; memberCount: number; activeLoans: number; trustScore: number; }'.
